[    6688ms] [WARNING] You are using the in-browser Babel transformer. Be sure to precompile your scripts for production - https://babeljs.io/docs/setup/ @ https://cdnjs.cloudflare.com/ajax/libs/babel-standalone/7.23.2/babel.min.js:0
[    8967ms] Uncaught SyntaxError: /http:/localhost:3000/app.js: Adjacent JSX elements must be wrapped in an enclosing tag. Did you want a JSX fragment <>...</>? (577:10)

  575 |           <div className="table-scroll"><table className="bug-table"><thead><tr><th>Date</th><th>Issue Raised By</th><th>Issue Type</th><th>Issue Title</th><th>Assignee</th><th>Priority</th><th>Issue Status</th></tr></thead>
  576 |           <tbody>{recentBugs.map(bug=>{const assignee=users.find(u=>u.id===bug.assigneeId);const reporter=users.find(u=>u.id===bug.reporterId);return(<tr key={`compact-${bug.id}`} onClick={()=>setSelectedBug(bug.id)}><td><span className="text-muted text-sm">{formatDate(bug.createdAt)}</span></td><td>{reporter?<div style={{display:'flex',alignItems:'center',gap:6}}><Avatar user={reporter} size="xs"/><span style={{fontSize:12}}>{reporter.name}</span></div>:<span className="text-muted">—</span>}</td><td><TypeBadge t={bug.type}/></td><td><span className="issue-title">{bug.title}</span></td><td>{assignee?<div style={{display:'flex',alignItems:'center',gap:6}}><Avatar user={assignee} size="xs"/><span style={{fontSize:12}}>{assignee.name}</span></div>:<span className="text-muted">—</span>}</td><td><PriorityBadge p={bug.priority}/></td><td><StatusBadge s={bug.status}/></td></tr>);})}</tbody></table></div>
> 577 |           <div className="table-scroll" style={{display:'none'}}><table className="bug-table"><thead><tr><th>Date</th><th>Issue Raised By</th><th>Issue Type</th><th>Issue Title</th><th>Assignee</th><th>Priority</th><th>Issue Status</th></tr></thead>
      |           ^
  578 |           <tbody>{recentBugs.map(bug=>{const assignee=users.find(u=>u.id===bug.assigneeId);const reporter=users.find(u=>u.id===bug.reporterId);return(<tr key={bug.id} onClick={()=>setSelectedBug(bug.id)}><td><span className="issue-key">{bug.key||bug.id.slice(0,8)}</span></td><td><span className="issue-title">{bug.title}</span></td><td><StatusBadge s={bug.status}/></td><td><PriorityBadge p={bug.priority}/></td><td>{assignee?<div style={{display:'flex',alignItems:'center',gap:6}}><Avatar user={assignee} size="xs"/><span style={{fontSize:12}}>{assignee.name}</span></div>:<span className="text-muted">—</span>}</td><td>{reporter?<div style={{display:'flex',alignItems:'center',gap:6}}><Avatar user={reporter} size="xs"/><span style={{fontSize:12}}>{reporter.name}</span></div>:<span className="text-muted">—</span>}</td><td><span className="text-muted text-sm">{timeAgo(bug.updatedAt)}</span></td></tr>);})}</tbody></table>
  579 |           </div>
  580 |         )}
    at e (https://cdnjs.cloudflare.com/ajax/libs/babel-standalone/7.23.2/babel.min.js:0:424712)
    at r.raise (https://cdnjs.cloudflare.com/ajax/libs/babel-standalone/7.23.2/babel.min.js:0:461048)
    at r.jsxParseElementAt (https://cdnjs.cloudflare.com/ajax/libs/babel-standalone/7.23.2/babel.min.js:0:513227)
    at r.jsxParseElement (https://cdnjs.cloudflare.com/ajax/libs/babel-standalone/7.23.2/babel.min.js:0:513449)
    at r.parseExprAtom (https://cdnjs.cloudflare.com/ajax/libs/babel-standalone/7.23.2/babel.min.js:0:513656)
    at r.parseExprSubscripts (https://cdnjs.cloudflare.com/ajax/libs/babel-standalone/7.23.2/babel.min.js:0:630591)
    at r.parseUpdate (https://cdnjs.cloudflare.com/ajax/libs/babel-standalone/7.23.2/babel.min.js:0:630206)
    at r.parseMaybeUnary (https://cdnjs.cloudflare.com/ajax/libs/babel-standalone/7.23.2/babel.min.js:0:629823)
    at r.parseMaybeUnaryOrPrivate (https://cdnjs.cloudflare.com/ajax/libs/babel-standalone/7.23.2/babel.min.js:0:626629)
    at r.parseExprOps (https://cdnjs.cloudflare.com/ajax/libs/babel-standalone/7.23.2/babel.min.js:0:626739)
    at r.parseMaybeConditional (https://cdnjs.cloudflare.com/ajax/libs/babel-standalone/7.23.2/babel.min.js:0:626209)
    at r.parseMaybeAssign (https://cdnjs.cloudflare.com/ajax/libs/babel-standalone/7.23.2/babel.min.js:0:625456)
    at <anonymous> (https://cdnjs.cloudflare.com/ajax/libs/babel-standalone/7.23.2/babel.min.js:0:552268)
    at r.tryParse (https://cdnjs.cloudflare.com/ajax/libs/babel-standalone/7.23.2/babel.min.js:0:467054)
    at r.parseMaybeAssign (https://cdnjs.cloudflare.com/ajax/libs/babel-standalone/7.23.2/babel.min.js:0:552211)
    at <anonymous> (https://cdnjs.cloudflare.com/ajax/libs/babel-standalone/7.23.2/babel.min.js:0:625011)
    at r.allowInAnd (https://cdnjs.cloudflare.com/ajax/libs/babel-standalone/7.23.2/babel.min.js:0:658238)
    at r.parseMaybeAssignAllowIn (https://cdnjs.cloudflare.com/ajax/libs/babel-standalone/7.23.2/babel.min.js:0:624979)
    at r.parseParenAndDistinguishExpression (https://cdnjs.cloudflare.com/ajax/libs/babel-standalone/7.23.2/babel.min.js:0:643546)
    at r.parseParenAndDistinguishExpression (https://cdnjs.cloudflare.com/ajax/libs/babel-standalone/7.23.2/babel.min.js:0:554573)
    at r.parseExprAtom (https://cdnjs.cloudflare.com/ajax/libs/babel-standalone/7.23.2/babel.min.js:0:636196)
    at r.parseExprAtom (https://cdnjs.cloudflare.com/ajax/libs/babel-standalone/7.23.2/babel.min.js:0:513807)
    at r.parseExprSubscripts (https://cdnjs.cloudflare.com/ajax/libs/babel-standalone/7.23.2/babel.min.js:0:630591)
    at r.parseUpdate (https://cdnjs.cloudflare.com/ajax/libs/babel-standalone/7.23.2/babel.min.js:0:630206)
    at r.parseMaybeUnary (https://cdnjs.cloudflare.com/ajax/libs/babel-standalone/7.23.2/babel.min.js:0:629823)
    at r.parseMaybeUnaryOrPrivate (https://cdnjs.cloudflare.com/ajax/libs/babel-standalone/7.23.2/babel.min.js:0:626629)
    at r.parseExprOps (https://cdnjs.cloudflare.com/ajax/libs/babel-standalone/7.23.2/babel.min.js:0:626739)
    at r.parseMaybeConditional (https://cdnjs.cloudflare.com/ajax/libs/babel-standalone/7.23.2/babel.min.js:0:626209)
    at r.parseMaybeAssign (https://cdnjs.cloudflare.com/ajax/libs/babel-standalone/7.23.2/babel.min.js:0:625456)
    at r.parseMaybeAssign (https://cdnjs.cloudflare.com/ajax/libs/babel-standalone/7.23.2/babel.min.js:0:553360)
    at <anonymous> (https://cdnjs.cloudflare.com/ajax/libs/babel-standalone/7.23.2/babel.min.js:0:540878)
    at r.forwardNoArrowParamsConversionAt (https://cdnjs.cloudflare.com/ajax/libs/babel-standalone/7.23.2/babel.min.js:0:542182)
    at r.parseConditional (https://cdnjs.cloudflare.com/ajax/libs/babel-standalone/7.23.2/babel.min.js:0:540822)
    at r.parseMaybeConditional (https://cdnjs.cloudflare.com/ajax/libs/babel-standalone/7.23.2/babel.min.js:0:626270)
    at r.parseMaybeAssign (https://cdnjs.cloudflare.com/ajax/libs/babel-standalone/7.23.2/babel.min.js:0:625456)
    at r.parseMaybeAssign (https://cdnjs.cloudflare.com/ajax/libs/babel-standalone/7.23.2/babel.min.js:0:553360)
    at r.parseExpressionBase (https://cdnjs.cloudflare.com/ajax/libs/babel-standalone/7.23.2/babel.min.js:0:624549)
    at <anonymous> (https://cdnjs.cloudflare.com/ajax/libs/babel-standalone/7.23.2/babel.min.js:0:624455)
    at r.allowInAnd (https://cdnjs.cloudflare.com/ajax/libs/babel-standalone/7.23.2/babel.min.js:0:658238)
    at r.parseExpression (https://cdnjs.cloudflare.com/ajax/libs/babel-standalone/7.23.2/babel.min.js:0:624423)
    at r.jsxParseExpressionContainer (https://cdnjs.cloudflare.com/ajax/libs/babel-standalone/7.23.2/babel.min.js:0:511052)
    at r.jsxParseElementAt (https://cdnjs.cloudflare.com/ajax/libs/babel-standalone/7.23.2/babel.min.js:0:512752)
    at r.jsxParseElementAt (https://cdnjs.cloudflare.com/ajax/libs/babel-standalone/7.23.2/babel.min.js:0:512549)
    at r.jsxParseElement (https://cdnjs.cloudflare.com/ajax/libs/babel-standalone/7.23.2/babel.min.js:0:513449)
    at r.parseExprAtom (https://cdnjs.cloudflare.com/ajax/libs/babel-standalone/7.23.2/babel.min.js:0:513656)
    at r.parseExprSubscripts (https://cdnjs.cloudflare.com/ajax/libs/babel-standalone/7.23.2/babel.min.js:0:630591)
    at r.parseUpdate (https://cdnjs.cloudflare.com/ajax/libs/babel-standalone/7.23.2/babel.min.js:0:630206)
    at r.parseMaybeUnary (https://cdnjs.cloudflare.com/ajax/libs/babel-standalone/7.23.2/babel.min.js:0:629823)
    at r.parseMaybeUnaryOrPrivate (https://cdnjs.cloudflare.com/ajax/libs/babel-standalone/7.23.2/babel.min.js:0:626629)
    at r.parseExprOps (https://cdnjs.cloudflare.com/ajax/libs/babel-standalone/7.23.2/babel.min.js:0:626739)
    at r.parseMaybeConditional (https://cdnjs.cloudflare.com/ajax/libs/babel-standalone/7.23.2/babel.min.js:0:626209)
    at r.parseMaybeAssign (https://cdnjs.cloudflare.com/ajax/libs/babel-standalone/7.23.2/babel.min.js:0:625456)
    at <anonymous> (https://cdnjs.cloudflare.com/ajax/libs/babel-standalone/7.23.2/babel.min.js:0:552268)
    at r.tryParse (https://cdnjs.cloudflare.com/ajax/libs/babel-standalone/7.23.2/babel.min.js:0:467054)
    at r.parseMaybeAssign (https://cdnjs.cloudflare.com/ajax/libs/babel-standalone/7.23.2/babel.min.js:0:552211)
    at <anonymous> (https://cdnjs.cloudflare.com/ajax/libs/babel-standalone/7.23.2/babel.min.js:0:625011)
    at r.allowInAnd (https://cdnjs.cloudflare.com/ajax/libs/babel-standalone/7.23.2/babel.min.js:0:658238)
    at r.parseMaybeAssignAllowIn (https://cdnjs.cloudflare.com/ajax/libs/babel-standalone/7.23.2/babel.min.js:0:624979)
    at r.parseParenAndDistinguishExpression (https://cdnjs.cloudflare.com/ajax/libs/babel-standalone/7.23.2/babel.min.js:0:643546)
    at r.parseParenAndDistinguishExpression (https://cdnjs.cloudflare.com/ajax/libs/babel-standalone/7.23.2/babel.min.js:0:554573)
    at r.parseExprAtom (https://cdnjs.cloudflare.com/ajax/libs/babel-standalone/7.23.2/babel.min.js:0:636196)
    at r.parseExprAtom (https://cdnjs.cloudflare.com/ajax/libs/babel-standalone/7.23.2/babel.min.js:0:513807)
    at r.parseExprSubscripts (https://cdnjs.cloudflare.com/ajax/libs/babel-standalone/7.23.2/babel.min.js:0:630591)
    at r.parseUpdate (https://cdnjs.cloudflare.com/ajax/libs/babel-standalone/7.23.2/babel.min.js:0:630206)
    at r.parseMaybeUnary (https://cdnjs.cloudflare.com/ajax/libs/babel-standalone/7.23.2/babel.min.js:0:629823)
    at r.parseMaybeUnaryOrPrivate (https://cdnjs.cloudflare.com/ajax/libs/babel-standalone/7.23.2/babel.min.js:0:626629)
    at r.parseExprOps (https://cdnjs.cloudflare.com/ajax/libs/babel-standalone/7.23.2/babel.min.js:0:626739)
    at r.parseMaybeConditional (https://cdnjs.cloudflare.com/ajax/libs/babel-standalone/7.23.2/babel.min.js:0:626209)
    at r.parseMaybeAssign (https://cdnjs.cloudflare.com/ajax/libs/babel-standalone/7.23.2/babel.min.js:0:625456)
    at r.parseMaybeAssign (https://cdnjs.cloudflare.com/ajax/libs/babel-standalone/7.23.2/babel.min.js:0:553360)
    at r.parseExpressionBase (https://cdnjs.cloudflare.com/ajax/libs/babel-standalone/7.23.2/babel.min.js:0:624549)
    at <anonymous> (https://cdnjs.cloudflare.com/ajax/libs/babel-standalone/7.23.2/babel.min.js:0:624455)
    at r.allowInAnd (https://cdnjs.cloudflare.com/ajax/libs/babel-standalone/7.23.2/babel.min.js:0:658196)
    at r.parseExpression (https://cdnjs.cloudflare.com/ajax/libs/babel-standalone/7.23.2/babel.min.js:0:624423)
    at r.parseReturnStatement (https://cdnjs.cloudflare.com/ajax/libs/babel-standalone/7.23.2/babel.min.js:0:672029)
    at r.parseStatementContent (https://cdnjs.cloudflare.com/ajax/libs/babel-standalone/7.23.2/babel.min.js:0:664383)
    at r.parseStatementLike (https://cdnjs.cloudflare.com/ajax/libs/babel-standalone/7.23.2/babel.min.js:0:663619)
    at r.parseStatementLike (https://cdnjs.cloudflare.com/ajax/libs/babel-standalone/7.23.2/babel.min.js:0:538643)
    at r.parseStatementListItem (https://cdnjs.cloudflare.com/ajax/libs/babel-standalone/7.23.2/babel.min.js:0:663195)
    at r.parseBlockOrModuleBlockBody (https://cdnjs.cloudflare.com/ajax/libs/babel-standalone/7.23.2/babel.min.js:0:676034)
    at r.parseBlockBody (https://cdnjs.cloudflare.com/ajax/libs/babel-standalone/7.23.2/babel.min.js:0:675844)
    at r.parseBlock (https://cdnjs.cloudflare.com/ajax/libs/babel-standalone/7.23.2/babel.min.js:0:675542)
    at r.parseFunctionBody (https://cdnjs.cloudflare.com/ajax/libs/babel-standalone/7.23.2/babel.min.js:0:652319)
    at r.parseFunctionBody (https://cdnjs.cloudflare.com/ajax/libs/babel-standalone/7.23.2/babel.min.js:0:537950)
    at r.parseFunctionBodyAndFinish (https://cdnjs.cloudflare.com/ajax/libs/babel-standalone/7.23.2/babel.min.js:0:651948)
    at r.parseFunctionBodyAndFinish (https://cdnjs.cloudflare.com/ajax/libs/babel-standalone/7.23.2/babel.min.js:0:538277)
    at <anonymous> (https://cdnjs.cloudflare.com/ajax/libs/babel-standalone/7.23.2/babel.min.js:0:678824)
    at r.withSmartMixTopicForbiddingContext (https://cdnjs.cloudflare.com/ajax/libs/babel-standalone/7.23.2/babel.min.js:0:657788)
    at r.parseFunction (https://cdnjs.cloudflare.com/ajax/libs/babel-standalone/7.23.2/babel.min.js:0:678775)
    at r.parseFunctionStatement (https://cdnjs.cloudflare.com/ajax/libs/babel-standalone/7.23.2/babel.min.js:0:671485)
    at r.parseStatementContent (https://cdnjs.cloudflare.com/ajax/libs/babel-standalone/7.23.2/babel.min.js:0:664202)
    at r.parseStatementLike (https://cdnjs.cloudflare.com/ajax/libs/babel-standalone/7.23.2/babel.min.js:0:663619)
    at r.parseStatementLike (https://cdnjs.cloudflare.com/ajax/libs/babel-standalone/7.23.2/babel.min.js:0:538643)
    at r.parseModuleItem (https://cdnjs.cloudflare.com/ajax/libs/babel-standalone/7.23.2/babel.min.js:0:663114)
    at r.parseBlockOrModuleBlockBody (https://cdnjs.cloudflare.com/ajax/libs/babel-standalone/7.23.2/babel.min.js:0:676011)
    at r.parseBlockBody (https://cdnjs.cloudflare.com/ajax/libs/babel-standalone/7.23.2/babel.min.js:0:675844)
    at r.parseProgram (https://cdnjs.cloudflare.com/ajax/libs/babel-standalone/7.23.2/babel.min.js:0:661094)
    at r.parseTopLevel (https://cdnjs.cloudflare.com/ajax/libs/babel-standalone/7.23.2/babel.min.js:0:659811)
    at r.parseTopLevel (https://cdnjs.cloudflare.com/ajax/libs/babel-standalone/7.23.2/babel.min.js:0:557185)
    at r.parse (https://cdnjs.cloudflare.com/ajax/libs/babel-standalone/7.23.2/babel.min.js:0:700845)
    at HE (https://cdnjs.cloudflare.com/ajax/libs/babel-standalone/7.23.2/babel.min.js:0:700995)
    at <anonymous> (https://cdnjs.cloudflare.com/ajax/libs/babel-standalone/7.23.2/babel.min.js:0:1125350)
    at u (https://cdnjs.cloudflare.com/ajax/libs/babel-standalone/7.23.2/babel.min.js:0:2213)
    at <anonymous> (https://cdnjs.cloudflare.com/ajax/libs/babel-standalone/7.23.2/babel.min.js:0:3572)
    at <anonymous> (https://cdnjs.cloudflare.com/ajax/libs/babel-standalone/7.23.2/babel.min.js:0:2576)
    at u (https://cdnjs.cloudflare.com/ajax/libs/babel-standalone/7.23.2/babel.min.js:0:2213)
    at E (https://cdnjs.cloudflare.com/ajax/libs/babel-standalone/7.23.2/babel.min.js:0:4047)
    at <anonymous> (https://cdnjs.cloudflare.com/ajax/libs/babel-standalone/7.23.2/babel.min.js:0:3314)
    at <anonymous> (https://cdnjs.cloudflare.com/ajax/libs/babel-standalone/7.23.2/babel.min.js:0:2576)
    at u (https://cdnjs.cloudflare.com/ajax/libs/babel-standalone/7.23.2/babel.min.js:0:2213)
    at E (https://cdnjs.cloudflare.com/ajax/libs/babel-standalone/7.23.2/babel.min.js:0:4047)
    at <anonymous> (https://cdnjs.cloudflare.com/ajax/libs/babel-standalone/7.23.2/babel.min.js:0:3314)
    at <anonymous> (https://cdnjs.cloudflare.com/ajax/libs/babel-standalone/7.23.2/babel.min.js:0:2576)
    at u (https://cdnjs.cloudflare.com/ajax/libs/babel-standalone/7.23.2/babel.min.js:0:2213)
    at E (https://cdnjs.cloudflare.com/ajax/libs/babel-standalone/7.23.2/babel.min.js:0:4047)
    at <anonymous> (https://cdnjs.cloudflare.com/ajax/libs/babel-standalone/7.23.2/babel.min.js:0:3314)
    at <anonymous> (https://cdnjs.cloudflare.com/ajax/libs/babel-standalone/7.23.2/babel.min.js:0:2576)
    at $O (https://cdnjs.cloudflare.com/ajax/libs/babel-standalone/7.23.2/babel.min.js:0:963675)
    at sync (https://cdnjs.cloudflare.com/ajax/libs/babel-standalone/7.23.2/babel.min.js:0:961648)
    at stopHiding - secret - don't use this - v1 (https://cdnjs.cloudflare.com/ajax/libs/babel-standalone/7.23.2/babel.min.js:0:1075012)
    at pq (https://cdnjs.cloudflare.com/ajax/libs/babel-standalone/7.23.2/babel.min.js:0:1136686)
    at Ebe (https://cdnjs.cloudflare.com/ajax/libs/babel-standalone/7.23.2/babel.min.js:0:2795009)
    at <anonymous> (https://cdnjs.cloudflare.com/ajax/libs/babel-standalone/7.23.2/babel.min.js:0:2790978)
    at pbe (https://cdnjs.cloudflare.com/ajax/libs/babel-standalone/7.23.2/babel.min.js:0:2791304)
    at n (https://cdnjs.cloudflare.com/ajax/libs/babel-standalone/7.23.2/babel.min.js:0:2791565)
    at a (https://cdnjs.cloudflare.com/ajax/libs/babel-standalone/7.23.2/babel.min.js:0:2791928)
    at d.src.o.onreadystatechange (https://cdnjs.cloudflare.com/ajax/libs/babel-standalone/7.23.2/babel.min.js:0:2792185)
