[  374073ms] [WARNING] You are using the in-browser Babel transformer. Be sure to precompile your scripts for production - https://babeljs.io/docs/setup/ @ https://cdnjs.cloudflare.com/ajax/libs/babel-standalone/7.23.2/babel.min.js:0
[  556564ms] [VERBOSE] [DOM] Input elements should have autocomplete attributes (suggested: "current-password"): (More info: https://goo.gl/9p2vKq) %o @ http://localhost:3000/:0
[  571429ms] [ERROR] Failed to load resource: the server responded with a status of 403 (Forbidden) @ http://localhost:3000/api/stats:0
[  571435ms] [ERROR] TypeError: Cannot read properties of undefined (reading 'Critical')
    at Dashboard (<anonymous>:2404:29)
    at of (https://cdnjs.cloudflare.com/ajax/libs/react-dom/18.2.0/umd/react-dom.production.min.js:109:301)
    at zf (https://cdnjs.cloudflare.com/ajax/libs/react-dom/18.2.0/umd/react-dom.production.min.js:127:55)
    at Rk (https://cdnjs.cloudflare.com/ajax/libs/react-dom/18.2.0/umd/react-dom.production.min.js:251:489)
    at Si (https://cdnjs.cloudflare.com/ajax/libs/react-dom/18.2.0/umd/react-dom.production.min.js:195:185)
    at Pk (https://cdnjs.cloudflare.com/ajax/libs/react-dom/18.2.0/umd/react-dom.production.min.js:195:116)
    at Nd (https://cdnjs.cloudflare.com/ajax/libs/react-dom/18.2.0/umd/react-dom.production.min.js:194:492)
    at Qf (https://cdnjs.cloudflare.com/ajax/libs/react-dom/18.2.0/umd/react-dom.production.min.js:187:439)
    at Oi (https://cdnjs.cloudflare.com/ajax/libs/react-dom/18.2.0/umd/react-dom.production.min.js:185:400)
    at S (https://cdnjs.cloudflare.com/ajax/libs/react/18.2.0/umd/react.production.min.js:17:25)
    at MessagePort.U (https://cdnjs.cloudflare.com/ajax/libs/react/18.2.0/umd/react.production.min.js:21:60) @ https://cdnjs.cloudflare.com/ajax/libs/react-dom/18.2.0/umd/react-dom.production.min.js:120
[  571448ms] Uncaught TypeError: Cannot read properties of undefined (reading 'Critical')
    at Dashboard (:2403:28)
    at of (https://cdnjs.cloudflare.com/ajax/libs/react-dom/18.2.0/umd/react-dom.production.min.js:108:300)
    at zf (https://cdnjs.cloudflare.com/ajax/libs/react-dom/18.2.0/umd/react-dom.production.min.js:126:54)
    at Rk (https://cdnjs.cloudflare.com/ajax/libs/react-dom/18.2.0/umd/react-dom.production.min.js:250:488)
    at Si (https://cdnjs.cloudflare.com/ajax/libs/react-dom/18.2.0/umd/react-dom.production.min.js:194:184)
    at Pk (https://cdnjs.cloudflare.com/ajax/libs/react-dom/18.2.0/umd/react-dom.production.min.js:194:115)
    at Nd (https://cdnjs.cloudflare.com/ajax/libs/react-dom/18.2.0/umd/react-dom.production.min.js:193:491)
    at Qf (https://cdnjs.cloudflare.com/ajax/libs/react-dom/18.2.0/umd/react-dom.production.min.js:186:438)
    at Oi (https://cdnjs.cloudflare.com/ajax/libs/react-dom/18.2.0/umd/react-dom.production.min.js:184:399)
    at S (https://cdnjs.cloudflare.com/ajax/libs/react/18.2.0/umd/react.production.min.js:16:24)
    at U (https://cdnjs.cloudflare.com/ajax/libs/react/18.2.0/umd/react.production.min.js:20:59)
