[   51751ms] [WARNING] You are using the in-browser Babel transformer. Be sure to precompile your scripts for production - https://babeljs.io/docs/setup/ @ https://cdnjs.cloudflare.com/ajax/libs/babel-standalone/7.23.2/babel.min.js:0
[   52074ms] Uncaught SyntaxError: /http:/localhost:3000/app.js: Unexpected token (2869:13)

  2867 |
  2868 | ReactDOM.createRoot(document.getElementById('root')).render(<App/>);
> 2869 |             </button>
       |              ^
  2870 |             {showProfileMenu && (
  2871 |               <div style={{position:'absolute',top:'calc(100% + 8px)',right:0,width:220,background:'var(--surface)',border:'1px solid var(--border)',borderRadius:'var(--radius)',boxShadow:'var(--shadow)',padding:8,zIndex:50}}>
  2872 |                 <div style={{padding:'8px 10px',borderBottom:'1px solid var(--border)',marginBottom:6}}>
    at e (https://cdnjs.cloudflare.com/ajax/libs/babel-standalone/7.23.2/babel.min.js:0:424712)
    at r.raise (https://cdnjs.cloudflare.com/ajax/libs/babel-standalone/7.23.2/babel.min.js:0:461048)
    at r.unexpected (https://cdnjs.cloudflare.com/ajax/libs/babel-standalone/7.23.2/babel.min.js:0:461509)
    at r.jsxParseIdentifier (https://cdnjs.cloudflare.com/ajax/libs/babel-standalone/7.23.2/babel.min.js:0:509608)
    at r.jsxParseNamespacedName (https://cdnjs.cloudflare.com/ajax/libs/babel-standalone/7.23.2/babel.min.js:0:509738)
    at r.jsxParseElementName (https://cdnjs.cloudflare.com/ajax/libs/babel-standalone/7.23.2/babel.min.js:0:509971)
    at r.jsxParseOpeningElementAt (https://cdnjs.cloudflare.com/ajax/libs/babel-standalone/7.23.2/babel.min.js:0:511761)
    at r.jsxParseElementAt (https://cdnjs.cloudflare.com/ajax/libs/babel-standalone/7.23.2/babel.min.js:0:512347)
    at r.jsxParseElement (https://cdnjs.cloudflare.com/ajax/libs/babel-standalone/7.23.2/babel.min.js:0:513449)
    at r.parseExprAtom (https://cdnjs.cloudflare.com/ajax/libs/babel-standalone/7.23.2/babel.min.js:0:513656)
    at r.parseExprSubscripts (https://cdnjs.cloudflare.com/ajax/libs/babel-standalone/7.23.2/babel.min.js:0:630591)
    at r.parseUpdate (https://cdnjs.cloudflare.com/ajax/libs/babel-standalone/7.23.2/babel.min.js:0:630206)
    at r.parseMaybeUnary (https://cdnjs.cloudflare.com/ajax/libs/babel-standalone/7.23.2/babel.min.js:0:629823)
    at r.parseMaybeUnaryOrPrivate (https://cdnjs.cloudflare.com/ajax/libs/babel-standalone/7.23.2/babel.min.js:0:626629)
    at r.parseExprOps (https://cdnjs.cloudflare.com/ajax/libs/babel-standalone/7.23.2/babel.min.js:0:626739)
    at r.parseMaybeConditional (https://cdnjs.cloudflare.com/ajax/libs/babel-standalone/7.23.2/babel.min.js:0:626209)
    at r.parseMaybeAssign (https://cdnjs.cloudflare.com/ajax/libs/babel-standalone/7.23.2/babel.min.js:0:625456)
    at <anonymous> (https://cdnjs.cloudflare.com/ajax/libs/babel-standalone/7.23.2/babel.min.js:0:552268)
    at r.tryParse (https://cdnjs.cloudflare.com/ajax/libs/babel-standalone/7.23.2/babel.min.js:0:467054)
    at r.parseMaybeAssign (https://cdnjs.cloudflare.com/ajax/libs/babel-standalone/7.23.2/babel.min.js:0:552211)
    at r.parseExpressionBase (https://cdnjs.cloudflare.com/ajax/libs/babel-standalone/7.23.2/babel.min.js:0:624549)
    at <anonymous> (https://cdnjs.cloudflare.com/ajax/libs/babel-standalone/7.23.2/babel.min.js:0:624455)
    at r.allowInAnd (https://cdnjs.cloudflare.com/ajax/libs/babel-standalone/7.23.2/babel.min.js:0:658196)
    at r.parseExpression (https://cdnjs.cloudflare.com/ajax/libs/babel-standalone/7.23.2/babel.min.js:0:624423)
    at r.parseStatementContent (https://cdnjs.cloudflare.com/ajax/libs/babel-standalone/7.23.2/babel.min.js:0:666456)
    at r.parseStatementLike (https://cdnjs.cloudflare.com/ajax/libs/babel-standalone/7.23.2/babel.min.js:0:663619)
    at r.parseStatementLike (https://cdnjs.cloudflare.com/ajax/libs/babel-standalone/7.23.2/babel.min.js:0:538643)
    at r.parseModuleItem (https://cdnjs.cloudflare.com/ajax/libs/babel-standalone/7.23.2/babel.min.js:0:663114)
    at r.parseBlockOrModuleBlockBody (https://cdnjs.cloudflare.com/ajax/libs/babel-standalone/7.23.2/babel.min.js:0:676011)
    at r.parseBlockBody (https://cdnjs.cloudflare.com/ajax/libs/babel-standalone/7.23.2/babel.min.js:0:675844)
    at r.parseProgram (https://cdnjs.cloudflare.com/ajax/libs/babel-standalone/7.23.2/babel.min.js:0:661094)
    at r.parseTopLevel (https://cdnjs.cloudflare.com/ajax/libs/babel-standalone/7.23.2/babel.min.js:0:659811)
    at r.parseTopLevel (https://cdnjs.cloudflare.com/ajax/libs/babel-standalone/7.23.2/babel.min.js:0:557185)
    at r.parse (https://cdnjs.cloudflare.com/ajax/libs/babel-standalone/7.23.2/babel.min.js:0:700845)
    at HE (https://cdnjs.cloudflare.com/ajax/libs/babel-standalone/7.23.2/babel.min.js:0:700995)
    at <anonymous> (https://cdnjs.cloudflare.com/ajax/libs/babel-standalone/7.23.2/babel.min.js:0:1125350)
    at u (https://cdnjs.cloudflare.com/ajax/libs/babel-standalone/7.23.2/babel.min.js:0:2213)
    at <anonymous> (https://cdnjs.cloudflare.com/ajax/libs/babel-standalone/7.23.2/babel.min.js:0:3572)
    at <anonymous> (https://cdnjs.cloudflare.com/ajax/libs/babel-standalone/7.23.2/babel.min.js:0:2576)
    at u (https://cdnjs.cloudflare.com/ajax/libs/babel-standalone/7.23.2/babel.min.js:0:2213)
    at E (https://cdnjs.cloudflare.com/ajax/libs/babel-standalone/7.23.2/babel.min.js:0:4047)
    at <anonymous> (https://cdnjs.cloudflare.com/ajax/libs/babel-standalone/7.23.2/babel.min.js:0:3314)
    at <anonymous> (https://cdnjs.cloudflare.com/ajax/libs/babel-standalone/7.23.2/babel.min.js:0:2576)
    at u (https://cdnjs.cloudflare.com/ajax/libs/babel-standalone/7.23.2/babel.min.js:0:2213)
    at E (https://cdnjs.cloudflare.com/ajax/libs/babel-standalone/7.23.2/babel.min.js:0:4047)
    at <anonymous> (https://cdnjs.cloudflare.com/ajax/libs/babel-standalone/7.23.2/babel.min.js:0:3314)
    at <anonymous> (https://cdnjs.cloudflare.com/ajax/libs/babel-standalone/7.23.2/babel.min.js:0:2576)
    at u (https://cdnjs.cloudflare.com/ajax/libs/babel-standalone/7.23.2/babel.min.js:0:2213)
    at E (https://cdnjs.cloudflare.com/ajax/libs/babel-standalone/7.23.2/babel.min.js:0:4047)
    at <anonymous> (https://cdnjs.cloudflare.com/ajax/libs/babel-standalone/7.23.2/babel.min.js:0:3314)
    at <anonymous> (https://cdnjs.cloudflare.com/ajax/libs/babel-standalone/7.23.2/babel.min.js:0:2576)
    at $O (https://cdnjs.cloudflare.com/ajax/libs/babel-standalone/7.23.2/babel.min.js:0:963675)
    at sync (https://cdnjs.cloudflare.com/ajax/libs/babel-standalone/7.23.2/babel.min.js:0:961648)
    at stopHiding - secret - don't use this - v1 (https://cdnjs.cloudflare.com/ajax/libs/babel-standalone/7.23.2/babel.min.js:0:1075012)
    at pq (https://cdnjs.cloudflare.com/ajax/libs/babel-standalone/7.23.2/babel.min.js:0:1136686)
    at Ebe (https://cdnjs.cloudflare.com/ajax/libs/babel-standalone/7.23.2/babel.min.js:0:2795009)
    at <anonymous> (https://cdnjs.cloudflare.com/ajax/libs/babel-standalone/7.23.2/babel.min.js:0:2790978)
    at pbe (https://cdnjs.cloudflare.com/ajax/libs/babel-standalone/7.23.2/babel.min.js:0:2791304)
    at n (https://cdnjs.cloudflare.com/ajax/libs/babel-standalone/7.23.2/babel.min.js:0:2791565)
    at a (https://cdnjs.cloudflare.com/ajax/libs/babel-standalone/7.23.2/babel.min.js:0:2791928)
    at d.src.o.onreadystatechange (https://cdnjs.cloudflare.com/ajax/libs/babel-standalone/7.23.2/babel.min.js:0:2792185)
